Illegal Escape In String: string with escape characters \n \t \r \b \f \a