Unclosed String: Unterminated string (missing closing quote)